Archive member included to satisfy reference by file (symbol)

d:/st/stm32cubeide_1.7.0/stm32cubeide/plugins/com.st.stm32cube.ide.mcu.externaltools.gnu-tools-for-stm32.9-2020-q2-update.win32_2.0.0.202105311346/tools/bin/../lib/gcc/arm-none-eabi/9.3.1/../../../../arm-none-eabi/lib/thumb/v7-m/nofp\libc_nano.a(lib_a-errno.o)
                              ./Core/Src/syscalls.o (__errno)
d:/st/stm32cubeide_1.7.0/stm32cubeide/plugins/com.st.stm32cube.ide.mcu.externaltools.gnu-tools-for-stm32.9-2020-q2-update.win32_2.0.0.202105311346/tools/bin/../lib/gcc/arm-none-eabi/9.3.1/../../../../arm-none-eabi/lib/thumb/v7-m/nofp\libc_nano.a(lib_a-exit.o)
                              d:/st/stm32cubeide_1.7.0/stm32cubeide/plugins/com.st.stm32cube.ide.mcu.externaltools.gnu-tools-for-stm32.9-2020-q2-update.win32_2.0.0.202105311346/tools/bin/../lib/gcc/arm-none-eabi/9.3.1/../../../../arm-none-eabi/lib/thumb/v7-m/nofp/crt0.o (exit)
d:/st/stm32cubeide_1.7.0/stm32cubeide/plugins/com.st.stm32cube.ide.mcu.externaltools.gnu-tools-for-stm32.9-2020-q2-update.win32_2.0.0.202105311346/tools/bin/../lib/gcc/arm-none-eabi/9.3.1/../../../../arm-none-eabi/lib/thumb/v7-m/nofp\libc_nano.a(lib_a-impure.o)
                              d:/st/stm32cubeide_1.7.0/stm32cubeide/plugins/com.st.stm32cube.ide.mcu.externaltools.gnu-tools-for-stm32.9-2020-q2-update.win32_2.0.0.202105311346/tools/bin/../lib/gcc/arm-none-eabi/9.3.1/../../../../arm-none-eabi/lib/thumb/v7-m/nofp\libc_nano.a(lib_a-exit.o) (_global_impure_ptr)
d:/st/stm32cubeide_1.7.0/stm32cubeide/plugins/com.st.stm32cube.ide.mcu.externaltools.gnu-tools-for-stm32.9-2020-q2-update.win32_2.0.0.202105311346/tools/bin/../lib/gcc/arm-none-eabi/9.3.1/../../../../arm-none-eabi/lib/thumb/v7-m/nofp\libc_nano.a(lib_a-init.o)
                              d:/st/stm32cubeide_1.7.0/stm32cubeide/plugins/com.st.stm32cube.ide.mcu.externaltools.gnu-tools-for-stm32.9-2020-q2-update.win32_2.0.0.202105311346/tools/bin/../lib/gcc/arm-none-eabi/9.3.1/../../../../arm-none-eabi/lib/thumb/v7-m/nofp/crt0.o (__libc_init_array)
d:/st/stm32cubeide_1.7.0/stm32cubeide/plugins/com.st.stm32cube.ide.mcu.externaltools.gnu-tools-for-stm32.9-2020-q2-update.win32_2.0.0.202105311346/tools/bin/../lib/gcc/arm-none-eabi/9.3.1/../../../../arm-none-eabi/lib/thumb/v7-m/nofp\libc_nano.a(lib_a-memset.o)
                              d:/st/stm32cubeide_1.7.0/stm32cubeide/plugins/com.st.stm32cube.ide.mcu.externaltools.gnu-tools-for-stm32.9-2020-q2-update.win32_2.0.0.202105311346/tools/bin/../lib/gcc/arm-none-eabi/9.3.1/../../../../arm-none-eabi/lib/thumb/v7-m/nofp/crt0.o (memset)

Allocating common symbols
Common symbol       size              file

mode4Increase       0x1               ./Core/Src/global.o
mode3Seg            0x1               ./Core/Src/global.o
mode4Toggle         0x1               ./Core/Src/global.o
MODE                0x1               ./Core/Src/global.o
mode2Seg            0x1               ./Core/Src/global.o
mode3Toggle         0x1               ./Core/Src/global.o
uwTick              0x4               ./Drivers/STM32F1xx_HAL_Driver/Src/stm32f1xx_hal.o
mode4Seg            0x1               ./Core/Src/global.o
pFlash              0x20              ./Drivers/STM32F1xx_HAL_Driver/Src/stm32f1xx_hal_flash.o
secondCoupleLedAutoState
                    0x1               ./Core/Src/global.o
mode2Toggle         0x1               ./Core/Src/global.o
firstCoupleLedAutoState
                    0x1               ./Core/Src/global.o
mode3Increase       0x1               ./Core/Src/global.o
countdownSecondCoupleLed
                    0x4               ./Core/Src/global.o
htim2               0x48              ./Core/Src/main.o
mode2Increase       0x1               ./Core/Src/global.o
seg7AutoState       0x1               ./Core/Src/global.o
countdownFirstCoupleLed
                    0x4               ./Core/Src/global.o

Discarded input sections

 .text          0x0000000000000000        0x0 d:/st/stm32cubeide_1.7.0/stm32cubeide/plugins/com.st.stm32cube.ide.mcu.externaltools.gnu-tools-for-stm32.9-2020-q2-update.win32_2.0.0.202105311346/tools/bin/../lib/gcc/arm-none-eabi/9.3.1/thumb/v7-m/nofp/crti.o
 .data          0x0000000000000000        0x0 d:/st/stm32cubeide_1.7.0/stm32cubeide/plugins/com.st.stm32cube.ide.mcu.externaltools.gnu-tools-for-stm32.9-2020-q2-update.win32_2.0.0.202105311346/tools/bin/../lib/gcc/arm-none-eabi/9.3.1/thumb/v7-m/nofp/crti.o
 .bss           0x0000000000000000        0x0 d:/st/stm32cubeide_1.7.0/stm32cubeide/plugins/com.st.stm32cube.ide.mcu.externaltools.gnu-tools-for-stm32.9-2020-q2-update.win32_2.0.0.202105311346/tools/bin/../lib/gcc/arm-none-eabi/9.3.1/thumb/v7-m/nofp/crti.o
 .data          0x0000000000000000        0x4 d:/st/stm32cubeide_1.7.0/stm32cubeide/plugins/com.st.stm32cube.ide.mcu.externaltools.gnu-tools-for-stm32.9-2020-q2-update.win32_2.0.0.202105311346/tools/bin/../lib/gcc/arm-none-eabi/9.3.1/thumb/v7-m/nofp/crtbegin.o
[...]
Memory Configuration

Name             Origin             Length             Attributes
RAM              0x0000000020000000 0x0000000000002800 xrw
FLASH            0x0000000008000000 0x0000000000008000 xr
*default*        0x0000000000000000 0xffffffffffffffff

Linker script and memory map

LOAD d:/st/stm32cubeide_1.7.0/stm32cubeide/plugins/com.st.stm32cube.ide.mcu.externaltools.gnu-tools-for-stm32.9-2020-q2-update.win32_2.0.0.202105311346/tools/bin/../lib/gcc/arm-none-eabi/9.3.1/thumb/v7-m/nofp/crti.o
LOAD d:/st/stm32cubeide_1.7.0/stm32cubeide/plugins/com.st.stm32cube.ide.mcu.externaltools.gnu-tools-for-stm32.9-2020-q2-update.win32_2.0.0.202105311346/tools/bin/../lib/gcc/arm-none-eabi/9.3.1/thumb/v7-m/nofp/crtbegin.o
LOAD d:/st/stm32cubeide_1.7.0/stm32cubeide/plugins/com.st.stm32cube.ide.mcu.externaltools.gnu-tools-for-stm32.9-2020-q2-update.win32_2.0.0.202105311346/tools/bin/../lib/gcc/arm-none-eabi/9.3.1/../../../../arm-none-eabi/lib/thumb/v7-m/nofp/crt0.o
LOAD ./Core/Src/auto.o
LOAD ./Core/Src/button.o
LOAD ./Core/Src/display_led.o
LOAD ./Core/Src/global.o
LOAD ./Core/Src/main.o
LOAD ./Core/Src/manual.o
LOAD ./Core/Src/software_timer.o
LOAD ./Core/Src/stm32f1xx_hal_msp.o
LOAD ./Core/Src/stm32f1xx_it.o
LOAD ./Core/Src/syscalls.o
LOAD ./Core/Src/sysmem.o
LOAD ./Core/Src/system_stm32f1xx.o
LOAD ./Core/Src/timer.o
LOAD ./Core/Startup/startup_stm32f103c6ux.o
LOAD ./Drivers/STM32F1xx_HAL_Driver/Src/stm32f1xx_hal.o
LOAD ./Drivers/STM32F1xx_HAL_Driver/Src/stm32f1xx_hal_cortex.o
LOAD ./Drivers/STM32F1xx_HAL_Driver/Src/stm32f1xx_hal_dma.o
LOAD ./Drivers/STM32F1xx_HAL_Driver/Src/stm32f1xx_hal_exti.o
LOAD ./Drivers/STM32F1xx_HAL_Driver/Src/stm32f1xx_hal_flash.o
LOAD ./Drivers/STM32F1xx_HAL_Driver/Src/stm32f1xx_hal_flash_ex.o
LOAD ./Drivers/STM32F1xx_HAL_Driver/Src/stm32f1xx_hal_gpio.o
LOAD ./Drivers/STM32F1xx_HAL_Driver/Src/stm32f1xx_hal_gpio_ex.o
LOAD ./Drivers/STM32F1xx_HAL_Driver/Src/stm32f1xx_hal_pwr.o
LOAD ./Drivers/STM32F1xx_HAL_Driver/Src/stm32f1xx_hal_rcc.o
LOAD ./Drivers/STM32F1xx_HAL_Driver/Src/stm32f1xx_hal_rcc_ex.o
LOAD ./Drivers/STM32F1xx_HAL_Driver/Src/stm32f1xx_hal_tim.o
LOAD ./Drivers/STM32F1xx_HAL_Driver/Src/stm32f1xx_hal_tim_ex.o
START GROUP
LOAD d:/st/stm32cubeide_1.7.0/stm32cubeide/plugins/com.st.stm32cube.ide.mcu.externaltools.gnu-tools-for-stm32.9-2020-q2-update.win32_2.0.0.202105311346/tools/bin/../lib/gcc/arm-none-eabi/9.3.1/../../../../arm-none-eabi/lib/thumb/v7-m/nofp\libc_nano.a
LOAD d:/st/stm32cubeide_1.7.0/stm32cubeide/plugins/com.st.stm32cube.ide.mcu.externaltools.gnu-tools-for-stm32.9-2020-q2-update.win32_2.0.0.202105311346/tools/bin/../lib/gcc/arm-none-eabi/9.3.1/../../../../arm-none-eabi/lib/thumb/v7-m/nofp\libm.a
END GROUP
START GROUP
LOAD d:/st/stm32cubeide_1.7.0/stm32cubeide/plugins/com.st.stm32cube.ide.mcu.externaltools.gnu-tools-for-stm32.9-2020-q2-update.win32_2.0.0.202105311346/tools/bin/../lib/gcc/arm-none-eabi/9.3.1/thumb/v7-m/nofp\libgcc.a
LOAD d:/st/stm32cubeide_1.7.0/stm32cubeide/plugins/com.st.stm32cube.ide.mcu.externaltools.gnu-tools-for-stm32.9-2020-q2-update.win32_2.0.0.202105311346/tools/bin/../lib/gcc/arm-none-eabi/9.3.1/../../../../arm-none-eabi/lib/thumb/v7-m/nofp\libc_nano.a
END GROUP
START GROUP
LOAD d:/st/stm32cubeide_1.7.0/stm32cubeide/plugins/com.st.stm32cube.ide.mcu.externaltools.gnu-tools-for-stm32.9-2020-q2-update.win32_2.0.0.202105311346/tools/bin/../lib/gcc/arm-none-eabi/9.3.1/thumb/v7-m/nofp\libgcc.a
LOAD d:/st/stm32cubeide_1.7.0/stm32cubeide/plugins/com.st.stm32cube.ide.mcu.externaltools.gnu-tools-for-stm32.9-2020-q2-update.win32_2.0.0.202105311346/tools/bin/../lib/gcc/arm-none-eabi/9.3.1/../../../../arm-none-eabi/lib/thumb/v7-m/nofp\libc_nano.a
LOAD d:/st/stm32cubeide_1.7.0/stm32cubeide/plugins/com.st.stm32cube.ide.mcu.externaltools.gnu-tools-for-stm32.9-2020-q2-update.win32_2.0.0.202105311346/tools/bin/../lib/gcc/arm-none-eabi/9.3.1/../../../../arm-none-eabi/lib/thumb/v7-m/nofp\libnosys.a
END GROUP
START GROUP
LOAD d:/st/stm32cubeide_1.7.0/stm32cubeide/plugins/com.st.stm32cube.ide.mcu.externaltools.gnu-tools-for-stm32.9-2020-q2-update.win32_2.0.0.202105311346/tools/bin/../lib/gcc/arm-none-eabi/9.3.1/thumb/v7-m/nofp\libgcc.a
LOAD d:/st/stm32cubeide_1.7.0/stm32cubeide/plugins/com.st.stm32cube.ide.mcu.externaltools.gnu-tools-for-stm32.9-2020-q2-update.win32_2.0.0.202105311346/tools/bin/../lib/gcc/arm-none-eabi/9.3.1/../../../../arm-none-eabi/lib/thumb/v7-m/nofp\libc_nano.a
LOAD d:/st/stm32cubeide_1.7.0/stm32cubeide/plugins/com.st.stm32cube.ide.mcu.externaltools.gnu-tools-for-stm32.9-2020-q2-update.win32_2.0.0.202105311346/tools/bin/../lib/gcc/arm-none-eabi/9.3.1/../../../../arm-none-eabi/lib/thumb/v7-m/nofp\libnosys.a
END GROUP
LOAD d:/st/stm32cubeide_1.7.0/stm32cubeide/plugins/com.st.stm32cube.ide.mcu.externaltools.gnu-tools-for-stm32.9-2020-q2-update.win32_2.0.0.202105311346/tools/bin/../lib/gcc/arm-none-eabi/9.3.1/thumb/v7-m/nofp/crtend.o
LOAD d:/st/stm32cubeide_1.7.0/stm32cubeide/plugins/com.st.stm32cube.ide.mcu.externaltools.gnu-tools-for-stm32.9-2020-q2-update.win32_2.0.0.202105311346/tools/bin/../lib/gcc/arm-none-eabi/9.3.1/thumb/v7-m/nofp/crtn.o
                0x0000000020002800                _estack = (ORIGIN (RAM) + LENGTH (RAM))
                0x0000000000000200                _Min_Heap_Size = 0x200
                0x0000000000000400                _Min_Stack_Size = 0x400

.isr_vector     0x0000000008000000      0x10c
                0x0000000008000000                . = ALIGN (0x4)
 *(.isr_vector)
 .isr_vector    0x0000000008000000      0x10c ./Core/Startup/startup_stm32f103c6ux.o
                0x0000000008000000                g_pfnVectors
                0x000000000800010c                . = ALIGN (0x4)

.text           0x000000000800010c     0x2f9c
                0x000000000800010c                . = ALIGN (0x4)
 *(.text)
 .text          0x000000000800010c       0x40 d:/st/stm32cubeide_1.7.0/stm32cubeide/plugins/com.st.stm32cube.ide.mcu.externaltools.gnu-tools-for-stm32.9-2020-q2-update.win32_2.0.0.202105311346/tools/bin/../lib/gcc/arm-none-eabi/9.3.1/thumb/v7-m/nofp/crtbegin.o
 *(.text*)
 .text.auto_run
                0x000000000800014c      0x288 ./Core/Src/auto.o
                0x000000000800014c                auto_run
 .text.isButtonPressed
                0x00000000080003d4       0x34 ./Core/Src/button.o
                0x00000000080003d4                isButtonPressed
 .text.subKeyProcess
                0x0000000008000408       0x20 ./Core/Src/button.o
                0x0000000008000408                subKeyProcess
 .text.getKeyInput
                0x0000000008000428      0x100 ./Core/Src/button.o
                0x0000000008000428                getKeyInput
 .text.displayFirstLedCouple
                0x0000000008000528       0xb8 ./Core/Src/display_led.o
                0x0000000008000528                displayFirstLedCouple
 .text.displaySecondLedCouple
                0x00000000080005e0       0xb8 ./Core/Src/display_led.o
                0x00000000080005e0                displaySecondLedCouple
 .text.toggleLeds
                0x0000000008000698       0x60 ./Core/Src/display_led.o
                0x0000000008000698                toggleLeds
 .text.displaySEG7_1
                0x00000000080006f8      0x320 ./Core/Src/display_led.o
                0x00000000080006f8                displaySEG7_1
 .text.displaySEG7_2
                0x0000000008000a18      0x3ac ./Core/Src/display_led.o
                0x0000000008000a18                displaySEG7_2
 .text.enable0  0x0000000008000dc4       0x24 ./Core/Src/display_led.o
                0x0000000008000dc4                enable0
 .text.enable1  0x0000000008000de8       0x24 ./Core/Src/display_led.o
                0x0000000008000de8                enable1
 .text.enable2  0x0000000008000e0c       0x24 ./Core/Src/display_led.o
                0x0000000008000e0c                enable2
 .text.enable3  0x0000000008000e30       0x24 ./Core/Src/display_led.o
                0x0000000008000e30                enable3
 .text.showTimeDelay_First
                0x0000000008000e54       0x48 ./Core/Src/display_led.o
                0x0000000008000e54                showTimeDelay_First
 .text.showTimeDelay_Second
                0x0000000008000e9c       0x5c ./Core/Src/display_led.o
                0x0000000008000e9c                showTimeDelay_Second
 .text.setValues
                0x0000000008000ef8       0xb0 ./Core/Src/global.o
                0x0000000008000ef8                setValues
 .text.main     0x0000000008000fa8       0x34 ./Core/Src/main.o
                0x0000000008000fa8                main
 .text.SystemClock_Config
                0x0000000008000fdc       0x76 ./Core/Src/main.o
                0x0000000008000fdc                SystemClock_Config
 *fill*         0x0000000008001052        0x2 
 .text.MX_TIM2_Init
                0x0000000008001054       0x98 ./Core/Src/main.o
 .text.MX_GPIO_Init
                0x00000000080010ec       0xc8 ./Core/Src/main.o
 .text.Error_Handler
                0x00000000080011b4        0xa ./Core/Src/main.o
                0x00000000080011b4                Error_Handler
 *fill*         0x00000000080011be        0x2 
 .text.mode2_run
                0x00000000080011c0      0x138 ./Core/Src/manual.o
                0x00000000080011c0                mode2_run
 .text.mode3_run
                0x00000000080012f8      0x138 ./Core/Src/manual.o
                0x00000000080012f8                mode3_run
 .text.mode4_run
                0x0000000008001430      0x138 ./Core/Src/manual.o
                0x0000000008001430                mode4_run
 .text.manual_run
                0x0000000008001568       0x7c ./Core/Src/manual.o
                0x0000000008001568                manual_run
 .text.setTimer0
                0x00000000080015e4       0x28 ./Core/Src/software_timer.o
                0x00000000080015e4                setTimer0
 .text.setTimer1
                0x000000000800160c       0x28 ./Core/Src/software_timer.o
                0x000000000800160c                setTimer1
 .text.setTimer2
                0x0000000008001634       0x28 ./Core/Src/software_timer.o
                0x0000000008001634                setTimer2
 .text.setTimer3
                0x000000000800165c       0x28 ./Core/Src/software_timer.o
                0x000000000800165c                setTimer3
 .text.setTimer4
                0x0000000008001684       0x28 ./Core/Src/software_timer.o
                0x0000000008001684                setTimer4
 .text.setTimer5
                0x00000000080016ac       0x28 ./Core/Src/software_timer.o
                0x00000000080016ac                setTimer5
 .text.setTimer6
                0x00000000080016d4       0x28 ./Core/Src/software_timer.o
                0x00000000080016d4                setTimer6
 .text.setTimer7
                0x00000000080016fc       0x28 ./Core/Src/software_timer.o
                0x00000000080016fc                setTimer7
 .text.setTimer8
                0x0000000008001724       0x28 ./Core/Src/software_timer.o
                0x0000000008001724                setTimer8
 .text.timer_run
                0x000000000800174c      0x174 ./Core/Src/software_timer.o
                0x000000000800174c                timer_run
 .text.HAL_MspInit
                0x00000000080018c0       0x64 ./Core/Src/stm32f1xx_hal_msp.o
                0x00000000080018c0                HAL_MspInit
 .text.HAL_TIM_Base_MspInit
                0x0000000008001924       0x48 ./Core/Src/stm32f1xx_hal_msp.o
                0x0000000008001924                HAL_TIM_Base_MspInit
 .text.NMI_Handler
                0x000000000800196c        0x6 ./Core/Src/stm32f1xx_it.o
                0x000000000800196c                NMI_Handler
 .text.HardFault_Handler
                0x0000000008001972        0x6 ./Core/Src/stm32f1xx_it.o
                0x0000000008001972                HardFault_Handler
 .text.MemManage_Handler
                0x0000000008001978        0x6 ./Core/Src/stm32f1xx_it.o
                0x0000000008001978                MemManage_Handler
 .text.BusFault_Handler
                0x000000000800197e        0x6 ./Core/Src/stm32f1xx_it.o
                0x000000000800197e                BusFault_Handler
 .text.UsageFault_Handler
                0x0000000008001984        0x6 ./Core/Src/stm32f1xx_it.o
                0x0000000008001984                UsageFault_Handler
 .text.SVC_Handler
                0x000000000800198a        0xc ./Core/Src/stm32f1xx_it.o
                0x000000000800198a                SVC_Handler
 .text.DebugMon_Handler
                0x0000000008001996        0xc ./Core/Src/stm32f1xx_it.o
                0x0000000008001996                DebugMon_Handler
 .text.PendSV_Handler
                0x00000000080019a2        0xc ./Core/Src/stm32f1xx_it.o
                0x00000000080019a2                PendSV_Handler
 .text.SysTick_Handler
                0x00000000080019ae        0xc ./Core/Src/stm32f1xx_it.o
                0x00000000080019ae                SysTick_Handler
 *fill*         0x00000000080019ba        0x2 
 .text.TIM2_IRQHandler
                0x00000000080019bc       0x14 ./Core/Src/stm32f1xx_it.o
                0x00000000080019bc                TIM2_IRQHandler
 .text.SystemInit
                0x00000000080019d0        0xc ./Core/Src/system_stm32f1xx.o
                0x00000000080019d0                SystemInit
 .text.HAL_TIM_PeriodElapsedCallback
                0x00000000080019dc       0x22 ./Core/Src/timer.o
                0x00000000080019dc                HAL_TIM_PeriodElapsedCallback
 *fill*         0x00000000080019fe        0x2 
 .text.Reset_Handler
                0x0000000008001a00       0x48 ./Core/Startup/startup_stm32f103c6ux.o
                0x0000000008001a00                Reset_Handler
 .text.Default_Handler
                0x0000000008001a48        0x2 ./Core/Startup/startup_stm32f103c6ux.o
                0x0000000008001a48                RTC_Alarm_IRQHandler
                0x0000000008001a48                EXTI2_IRQHandler
                0x0000000008001a48                TIM1_CC_IRQHandler
                0x0000000008001a48                PVD_IRQHandler
                0x0000000008001a48                EXTI3_IRQHandler
                0x0000000008001a48                EXTI0_IRQHandler
                0x0000000008001a48                ADC1_2_IRQHandler
                0x0000000008001a48                SPI1_IRQHandler
                0x0000000008001a48                TAMPER_IRQHandler
                0x0000000008001a48                DMA1_Channel4_IRQHandler
                0x0000000008001a48                RTC_IRQHandler
                0x0000000008001a48                DMA1_Channel7_IRQHandler
                0x0000000008001a48                CAN1_RX1_IRQHandler
                0x0000000008001a48                I2C1_EV_IRQHandler
                0x0000000008001a48                DMA1_Channel6_IRQHandler
                0x0000000008001a48                TIM3_IRQHandler
                0x0000000008001a48                RCC_IRQHandler
                0x0000000008001a48                TIM1_TRG_COM_IRQHandler
                0x0000000008001a48                DMA1_Channel1_IRQHandler
                0x0000000008001a48                Default_Handler
                0x0000000008001a48                EXTI15_10_IRQHandler
                0x0000000008001a48                EXTI9_5_IRQHandler
                0x0000000008001a48                DMA1_Channel5_IRQHandler
                0x0000000008001a48                EXTI4_IRQHandler
                0x0000000008001a48                USB_LP_CAN1_RX0_IRQHandler
                0x0000000008001a48                USB_HP_CAN1_TX_IRQHandler
                0x0000000008001a48                DMA1_Channel3_IRQHandler
                0x0000000008001a48                TIM1_UP_IRQHandler
                0x0000000008001a48                WWDG_IRQHandler
                0x0000000008001a48                TIM1_BRK_IRQHandler
                0x0000000008001a48                EXTI1_IRQHandler
                0x0000000008001a48                USART2_IRQHandler
                0x0000000008001a48                DMA1_Channel2_IRQHandler
                0x0000000008001a48                CAN1_SCE_IRQHandler
                0x0000000008001a48                FLASH_IRQHandler
                0x0000000008001a48                USART1_IRQHandler
                0x0000000008001a48                I2C1_ER_IRQHandler
                0x0000000008001a48                USBWakeUp_IRQHandler
 *fill*         0x0000000008001a4a        0x2 
 .text.HAL_Init
                0x0000000008001a4c       0x2c ./Drivers/STM32F1xx_HAL_Driver/Src/stm32f1xx_hal.o
                0x0000000008001a4c                HAL_Init
 .text.HAL_InitTick
                0x0000000008001a78       0x60 ./Drivers/STM32F1xx_HAL_Driver/Src/stm32f1xx_hal.o
                0x0000000008001a78                HAL_InitTick
 .text.HAL_IncTick
                0x0000000008001ad8       0x24 ./Drivers/STM32F1xx_HAL_Driver/Src/stm32f1xx_hal.o
                0x0000000008001ad8                HAL_IncTick
 .text.HAL_GetTick
                0x0000000008001afc       0x14 ./Drivers/STM32F1xx_HAL_Driver/Src/stm32f1xx_hal.o
                0x0000000008001afc                HAL_GetTick
 .text.__NVIC_SetPriorityGrouping
                0x0000000008001b10       0x48 ./Drivers/STM32F1xx_HAL_Driver/Src/stm32f1xx_hal_cortex.o
 .text.__NVIC_GetPriorityGrouping
                0x0000000008001b58       0x1c ./Drivers/STM32F1xx_HAL_Driver/Src/stm32f1xx_hal_cortex.o
 .text.__NVIC_EnableIRQ
                0x0000000008001b74       0x38 ./Drivers/STM32F1xx_HAL_Driver/Src/stm32f1xx_hal_cortex.o
 .text.__NVIC_SetPriority
                0x0000000008001bac       0x54 ./Drivers/STM32F1xx_HAL_Driver/Src/stm32f1xx_hal_cortex.o
 .text.NVIC_EncodePriority
                0x0000000008001c00       0x64 ./Drivers/STM32F1xx_HAL_Driver/Src/stm32f1xx_hal_cortex.o
 .text.SysTick_Config
                0x0000000008001c64       0x44 ./Drivers/STM32F1xx_HAL_Driver/Src/stm32f1xx_hal_cortex.o
 .text.HAL_NVIC_SetPriorityGrouping
                0x0000000008001ca8       0x16 ./Drivers/STM32F1xx_HAL_Driver/Src/stm32f1xx_hal_cortex.o
                0x0000000008001ca8                HAL_NVIC_SetPriorityGrouping
 .text.HAL_NVIC_SetPriority
                0x0000000008001cbe       0x38 ./Drivers/STM32F1xx_HAL_Driver/Src/stm32f1xx_hal_cortex.o
                0x0000000008001cbe                HAL_NVIC_SetPriority
 .text.HAL_NVIC_EnableIRQ
                0x0000000008001cf6       0x1c ./Drivers/STM32F1xx_HAL_Driver/Src/stm32f1xx_hal_cortex.o
                0x0000000008001cf6                HAL_NVIC_EnableIRQ
 .text.HAL_SYSTICK_Config
                0x0000000008001d12       0x18 ./Drivers/STM32F1xx_HAL_Driver/Src/stm32f1xx_hal_cortex.o
                0x0000000008001d12                HAL_SYSTICK_Config
 *fill*         0x0000000008001d2a        0x2 
 .text.HAL_GPIO_Init
                0x0000000008001d2c      0x2f4 ./Drivers/STM32F1xx_HAL_Driver/Src/stm32f1xx_hal_gpio.o
                0x0000000008001d2c                HAL_GPIO_Init
 .text.HAL_GPIO_ReadPin
                0x0000000008002020       0x2e ./Drivers/STM32F1xx_HAL_Driver/Src/stm32f1xx_hal_gpio.o
                0x0000000008002020                HAL_GPIO_ReadPin
 .text.HAL_GPIO_WritePin
                0x000000000800204e       0x30 ./Drivers/STM32F1xx_HAL_Driver/Src/stm32f1xx_hal_gpio.o
                0x000000000800204e                HAL_GPIO_WritePin
 .text.HAL_GPIO_TogglePin
                0x000000000800207e       0x32 ./Drivers/STM32F1xx_HAL_Driver/Src/stm32f1xx_hal_gpio.o
                0x000000000800207e                HAL_GPIO_TogglePin
 .text.HAL_RCC_OscConfig
                0x00000000080020b0      0x500 ./Drivers/STM32F1xx_HAL_Driver/Src/stm32f1xx_hal_rcc.o
                0x00000000080020b0                HAL_RCC_OscConfig
 .text.HAL_RCC_ClockConfig
                0x00000000080025b0      0x1d4 ./Drivers/STM32F1xx_HAL_Driver/Src/stm32f1xx_hal_rcc.o
                0x00000000080025b0                HAL_RCC_ClockConfig
 .text.HAL_RCC_GetSysClockFreq
                0x0000000008002784       0xa8 ./Drivers/STM32F1xx_HAL_Driver/Src/stm32f1xx_hal_rcc.o
                0x0000000008002784                HAL_RCC_GetSysClockFreq
 .text.RCC_Delay
                0x000000000800282c       0x3c ./Drivers/STM32F1xx_HAL_Driver/Src/stm32f1xx_hal_rcc.o
 .text.HAL_TIM_Base_Init
                0x0000000008002868       0x9e ./Drivers/STM32F1xx_HAL_Driver/Src/stm32f1xx_hal_tim.o
                0x0000000008002868                HAL_TIM_Base_Init
 *fill*         0x0000000008002906        0x2 
 .text.HAL_TIM_Base_Start_IT
                0x0000000008002908       0x98 ./Drivers/STM32F1xx_HAL_Driver/Src/stm32f1xx_hal_tim.o
                0x0000000008002908                HAL_TIM_Base_Start_IT
 .text.HAL_TIM_IRQHandler
                0x00000000080029a0      0x210 ./Drivers/STM32F1xx_HAL_Driver/Src/stm32f1xx_hal_tim.o
                0x00000000080029a0                HAL_TIM_IRQHandler
 .text.HAL_TIM_ConfigClockSource
                0x0000000008002bb0      0x18e ./Drivers/STM32F1xx_HAL_Driver/Src/stm32f1xx_hal_tim.o
                0x0000000008002bb0                HAL_TIM_ConfigClockSource
 .text.HAL_TIM_OC_DelayElapsedCallback
                0x0000000008002d3e       0x12 ./Drivers/STM32F1xx_HAL_Driver/Src/stm32f1xx_hal_tim.o
                0x0000000008002d3e                HAL_TIM_OC_DelayElapsedCallback
 .text.HAL_TIM_IC_CaptureCallback
                0x0000000008002d50       0x12 ./Drivers/STM32F1xx_HAL_Driver/Src/stm32f1xx_hal_tim.o
                0x0000000008002d50                HAL_TIM_IC_CaptureCallback
 .text.HAL_TIM_PWM_PulseFinishedCallback
                0x0000000008002d62       0x12 ./Drivers/STM32F1xx_HAL_Driver/Src/stm32f1xx_hal_tim.o
                0x0000000008002d62                HAL_TIM_PWM_PulseFinishedCallback
 .text.HAL_TIM_TriggerCallback
                0x0000000008002d74       0x12 ./Drivers/STM32F1xx_HAL_Driver/Src/stm32f1xx_hal_tim.o
                0x0000000008002d74                HAL_TIM_TriggerCallback
 *fill*         0x0000000008002d86        0x2 
 .text.TIM_Base_SetConfig
                0x0000000008002d88       0xb0 ./Drivers/STM32F1xx_HAL_Driver/Src/stm32f1xx_hal_tim.o
                0x0000000008002d88                TIM_Base_SetConfig
 .text.TIM_TI1_ConfigInputStage
                0x0000000008002e38       0x5c ./Drivers/STM32F1xx_HAL_Driver/Src/stm32f1xx_hal_tim.o
 .text.TIM_TI2_ConfigInputStage
                0x0000000008002e94       0x5e ./Drivers/STM32F1xx_HAL_Driver/Src/stm32f1xx_hal_tim.o
 .text.TIM_ITRx_SetConfig
                0x0000000008002ef2       0x34 ./Drivers/STM32F1xx_HAL_Driver/Src/stm32f1xx_hal_tim.o
 .text.TIM_ETR_SetConfig
                0x0000000008002f26       0x3e ./Drivers/STM32F1xx_HAL_Driver/Src/stm32f1xx_hal_tim.o
                0x0000000008002f26                TIM_ETR_SetConfig
 .text.HAL_TIMEx_MasterConfigSynchronization
                0x0000000008002f64       0xb0 ./Drivers/STM32F1xx_HAL_Driver/Src/stm32f1xx_hal_tim_ex.o
                0x0000000008002f64                HAL_TIMEx_MasterConfigSynchronization
 .text.HAL_TIMEx_CommutCallback
                0x0000000008003014       0x12 ./Drivers/STM32F1xx_HAL_Driver/Src/stm32f1xx_hal_tim_ex.o
                0x0000000008003014                HAL_TIMEx_CommutCallback
 .text.HAL_TIMEx_BreakCallback
                0x0000000008003026       0x12 ./Drivers/STM32F1xx_HAL_Driver/Src/stm32f1xx_hal_tim_ex.o
                0x0000000008003026                HAL_TIMEx_BreakCallback
 .text.__libc_init_array
                0x0000000008003038       0x48 d:/st/stm32cubeide_1.7.0/stm32cubeide/plugins/com.st.stm32cube.ide.mcu.externaltools.gnu-tools-for-stm32.9-2020-q2-update.win32_2.0.0.202105311346/tools/bin/../lib/gcc/arm-none-eabi/9.3.1/../../../../arm-none-eabi/lib/thumb/v7-m/nofp\libc_nano.a(lib_a-init.o)
                0x0000000008003038                __libc_init_array
 .text.memset   0x0000000008003080       0x10 d:/st/stm32cubeide_1.7.0/stm32cubeide/plugins/com.st.stm32cube.ide.mcu.externaltools.gnu-tools-for-stm32.9-2020-q2-update.win32_2.0.0.202105311346/tools/bin/../lib/gcc/arm-none-eabi/9.3.1/../../../../arm-none-eabi/lib/thumb/v7-m/nofp\libc_nano.a(lib_a-memset.o)
                0x0000000008003080                memset
 *(.glue_7)
 .glue_7        0x0000000008003090        0x0 linker stubs
 *(.glue_7t)
 .glue_7t       0x0000000008003090        0x0 linker stubs
 *(.eh_frame)
 .eh_frame      0x0000000008003090        0x0 d:/st/stm32cubeide_1.7.0/stm32cubeide/plugins/com.st.stm32cube.ide.mcu.externaltools.gnu-tools-for-stm32.9-2020-q2-update.win32_2.0.0.202105311346/tools/bin/../lib/gcc/arm-none-eabi/9.3.1/thumb/v7-m/nofp/crtbegin.o
 *(.init)
 .init          0x0000000008003090        0x4 d:/st/stm32cubeide_1.7.0/stm32cubeide/plugins/com.st.stm32cube.ide.mcu.externaltools.gnu-tools-for-stm32.9-2020-q2-update.win32_2.0.0.202105311346/tools/bin/../lib/gcc/arm-none-eabi/9.3.1/thumb/v7-m/nofp/crti.o
                0x0000000008003090                _init
 .init          0x0000000008003094        0x8 d:/st/stm32cubeide_1.7.0/stm32cubeide/plugins/com.st.stm32cube.ide.mcu.externaltools.gnu-tools-for-stm32.9-2020-q2-update.win32_2.0.0.202105311346/tools/bin/../lib/gcc/arm-none-eabi/9.3.1/thumb/v7-m/nofp/crtn.o
 *(.fini)
 .fini          0x000000000800309c        0x4 d:/st/stm32cubeide_1.7.0/stm32cubeide/plugins/com.st.stm32cube.ide.mcu.externaltools.gnu-tools-for-stm32.9-2020-q2-update.win32_2.0.0.202105311346/tools/bin/../lib/gcc/arm-none-eabi/9.3.1/thumb/v7-m/nofp/crti.o
                0x000000000800309c                _fini
 .fini          0x00000000080030a0        0x8 d:/st/stm32cubeide_1.7.0/stm32cubeide/plugins/com.st.stm32cube.ide.mcu.externaltools.gnu-tools-for-stm32.9-2020-q2-update.win32_2.0.0.202105311346/tools/bin/../lib/gcc/arm-none-eabi/9.3.1/thumb/v7-m/nofp/crtn.o
                0x00000000080030a8                . = ALIGN (0x4)
                0x00000000080030a8                _etext = .

.vfp11_veneer   0x00000000080030a8        0x0
 .vfp11_veneer  0x00000000080030a8        0x0 linker stubs

.v4_bx          0x00000000080030a8        0x0
 .v4_bx         0x00000000080030a8        0x0 linker stubs

.iplt           0x00000000080030a8        0x0
 .iplt          0x00000000080030a8        0x0 d:/st/stm32cubeide_1.7.0/stm32cubeide/plugins/com.st.stm32cube.ide.mcu.externaltools.gnu-tools-for-stm32.9-2020-q2-update.win32_2.0.0.202105311346/tools/bin/../lib/gcc/arm-none-eabi/9.3.1/thumb/v7-m/nofp/crtbegin.o

.rodata         0x00000000080030a8       0x24
                0x00000000080030a8                . = ALIGN (0x4)
 *(.rodata)
 *(.rodata*)
 .rodata.AHBPrescTable
                0x00000000080030a8       0x10 ./Core/Src/system_stm32f1xx.o
                0x00000000080030a8                AHBPrescTable
 .rodata.aPLLMULFactorTable.6032
                0x00000000080030b8       0x10 ./Drivers/STM32F1xx_HAL_Driver/Src/stm32f1xx_hal_rcc.o
 .rodata.aPredivFactorTable.6033
                0x00000000080030c8        0x2 ./Drivers/STM32F1xx_HAL_Driver/Src/stm32f1xx_hal_rcc.o
                0x00000000080030cc                . = ALIGN (0x4)
 *fill*         0x00000000080030ca        0x2 

.rel.dyn        0x00000000080030cc        0x0
 .rel.iplt      0x00000000080030cc        0x0 d:/st/stm32cubeide_1.7.0/stm32cubeide/plugins/com.st.stm32cube.ide.mcu.externaltools.gnu-tools-for-stm32.9-2020-q2-update.win32_2.0.0.202105311346/tools/bin/../lib/gcc/arm-none-eabi/9.3.1/thumb/v7-m/nofp/crtbegin.o

.ARM.extab      0x00000000080030cc        0x0
                0x00000000080030cc                . = ALIGN (0x4)
 *(.ARM.extab* .gnu.linkonce.armextab.*)
                0x00000000080030cc                . = ALIGN (0x4)

.ARM            0x00000000080030cc        0x0
                0x00000000080030cc                . = ALIGN (0x4)
                0x00000000080030cc                __exidx_start = .
 *(.ARM.exidx*)
                0x00000000080030cc                __exidx_end = .
                0x00000000080030cc                . = ALIGN (0x4)

.preinit_array  0x00000000080030cc        0x0
                0x00000000080030cc                . = ALIGN (0x4)
                0x00000000080030cc                PROVIDE (__preinit_array_start = .)
 *(.preinit_array*)
                0x00000000080030cc                PROVIDE (__preinit_array_end = .)
                0x00000000080030cc                . = ALIGN (0x4)

.init_array     0x00000000080030cc        0x4
                0x00000000080030cc                . = ALIGN (0x4)
                0x00000000080030cc                PROVIDE (__init_array_start = .)
 *(SORT_BY_NAME(.init_array.*))
 *(.init_array*)
 .init_array    0x00000000080030cc        0x4 d:/st/stm32cubeide_1.7.0/stm32cubeide/plugins/com.st.stm32cube.ide.mcu.externaltools.gnu-tools-for-stm32.9-2020-q2-update.win32_2.0.0.202105311346/tools/bin/../lib/gcc/arm-none-eabi/9.3.1/thumb/v7-m/nofp/crtbegin.o
                0x00000000080030d0                PROVIDE (__init_array_end = .)
                0x00000000080030d0                . = ALIGN (0x4)

.fini_array     0x00000000080030d0        0x4
                0x00000000080030d0                . = ALIGN (0x4)
                [!provide]                        PROVIDE (__fini_array_start = .)
 *(SORT_BY_NAME(.fini_array.*))
 *(.fini_array*)
 .fini_array    0x00000000080030d0        0x4 d:/st/stm32cubeide_1.7.0/stm32cubeide/plugins/com.st.stm32cube.ide.mcu.externaltools.gnu-tools-for-stm32.9-2020-q2-update.win32_2.0.0.202105311346/tools/bin/../lib/gcc/arm-none-eabi/9.3.1/thumb/v7-m/nofp/crtbegin.o
                [!provide]                        PROVIDE (__fini_array_end = .)
                0x00000000080030d4                . = ALIGN (0x4)
                0x00000000080030d4                _sidata = LOADADDR (.data)

.data           0x0000000020000000       0x58 load address 0x00000000080030d4
                0x0000000020000000                . = ALIGN (0x4)
                0x0000000020000000                _sdata = .
 *(.data)
 *(.data*)
 .data.buttonsArr
                0x0000000020000000        0xc ./Core/Src/button.o
                0x0000000020000000                buttonsArr
 .data.KeyReg0  0x000000002000000c        0xc ./Core/Src/button.o
                0x000000002000000c                KeyReg0
 .data.KeyReg1  0x0000000020000018        0xc ./Core/Src/button.o
                0x0000000020000018                KeyReg1
 .data.KeyReg2  0x0000000020000024        0xc ./Core/Src/button.o
                0x0000000020000024                KeyReg2
 .data.KeyReg3  0x0000000020000030        0xc ./Core/Src/button.o
                0x0000000020000030                KeyReg3
 .data.TimeOutForKeyPress
                0x000000002000003c        0x4 ./Core/Src/button.o
                0x000000002000003c                TimeOutForKeyPress
 .data.redDelay
                0x0000000020000040        0x4 ./Core/Src/global.o
                0x0000000020000040                redDelay
 .data.greenDelay
                0x0000000020000044        0x4 ./Core/Src/global.o
                0x0000000020000044                greenDelay
 .data.yellowDelay
                0x0000000020000048        0x4 ./Core/Src/global.o
                0x0000000020000048                yellowDelay
 .data.SystemCoreClock
                0x000000002000004c        0x4 ./Core/Src/system_stm32f1xx.o
                0x000000002000004c                SystemCoreClock
 .data.uwTickPrio
                0x0000000020000050        0x4 ./Drivers/STM32F1xx_HAL_Driver/Src/stm32f1xx_hal.o
                0x0000000020000050                uwTickPrio
 .data.uwTickFreq
                0x0000000020000054        0x1 ./Drivers/STM32F1xx_HAL_Driver/Src/stm32f1xx_hal.o
                0x0000000020000054                uwTickFreq
 *(.RamFunc)
 *(.RamFunc*)
                0x0000000020000058                . = ALIGN (0x4)
 *fill*         0x0000000020000055        0x3 
                0x0000000020000058                _edata = .

.igot.plt       0x0000000020000058        0x0 load address 0x000000000800312c
 .igot.plt      0x0000000020000058        0x0 d:/st/stm32cubeide_1.7.0/stm32cubeide/plugins/com.st.stm32cube.ide.mcu.externaltools.gnu-tools-for-stm32.9-2020-q2-update.win32_2.0.0.202105311346/tools/bin/../lib/gcc/arm-none-eabi/9.3.1/thumb/v7-m/nofp/crtbegin.o
                0x0000000020000058                . = ALIGN (0x4)

.bss            0x0000000020000058       0xd4 load address 0x000000000800312c
                0x0000000020000058                _sbss = .
                0x0000000020000058                __bss_start__ = _sbss
 *(.bss)
 .bss           0x0000000020000058       0x1c d:/st/stm32cubeide_1.7.0/stm32cubeide/plugins/com.st.stm32cube.ide.mcu.externaltools.gnu-tools-for-stm32.9-2020-q2-update.win32_2.0.0.202105311346/tools/bin/../lib/gcc/arm-none-eabi/9.3.1/thumb/v7-m/nofp/crtbegin.o
 *(.bss*)
 .bss.button_flag
                0x0000000020000074        0xc ./Core/Src/button.o
                0x0000000020000074                button_flag
 .bss.timer0_flag
                0x0000000020000080        0x4 ./Core/Src/software_timer.o
                0x0000000020000080                timer0_flag
 .bss.timer1_flag
                0x0000000020000084        0x4 ./Core/Src/software_timer.o
                0x0000000020000084                timer1_flag
 .bss.timer2_flag
                0x0000000020000088        0x4 ./Core/Src/software_timer.o
                0x0000000020000088                timer2_flag
 .bss.timer3_flag
                0x000000002000008c        0x4 ./Core/Src/software_timer.o
                0x000000002000008c                timer3_flag
 .bss.timer4_flag
                0x0000000020000090        0x4 ./Core/Src/software_timer.o
                0x0000000020000090                timer4_flag
 .bss.timer5_flag
                0x0000000020000094        0x4 ./Core/Src/software_timer.o
                0x0000000020000094                timer5_flag
 .bss.timer6_flag
                0x0000000020000098        0x4 ./Core/Src/software_timer.o
                0x0000000020000098                timer6_flag
 .bss.timer7_flag
                0x000000002000009c        0x4 ./Core/Src/software_timer.o
                0x000000002000009c                timer7_flag
 .bss.timer8_flag
                0x00000000200000a0        0x4 ./Core/Src/software_timer.o
                0x00000000200000a0                timer8_flag
 .bss.timer0_counter
                0x00000000200000a4        0x4 ./Core/Src/software_timer.o
                0x00000000200000a4                timer0_counter
 .bss.timer1_counter
                0x00000000200000a8        0x4 ./Core/Src/software_timer.o
                0x00000000200000a8                timer1_counter
 .bss.timer2_counter
                0x00000000200000ac        0x4 ./Core/Src/software_timer.o
                0x00000000200000ac                timer2_counter
 .bss.timer3_counter
                0x00000000200000b0        0x4 ./Core/Src/software_timer.o
                0x00000000200000b0                timer3_counter
 .bss.timer4_counter
                0x00000000200000b4        0x4 ./Core/Src/software_timer.o
                0x00000000200000b4                timer4_counter
 .bss.timer5_counter
                0x00000000200000b8        0x4 ./Core/Src/software_timer.o
                0x00000000200000b8                timer5_counter
 .bss.timer6_counter
                0x00000000200000bc        0x4 ./Core/Src/software_timer.o
                0x00000000200000bc                timer6_counter
 .bss.timer7_counter
                0x00000000200000c0        0x4 ./Core/Src/software_timer.o
                0x00000000200000c0                timer7_counter
 .bss.timer8_counter
                0x00000000200000c4        0x4 ./Core/Src/software_timer.o
                0x00000000200000c4                timer8_counter
 *(COMMON)
 COMMON         0x00000000200000c8       0x18 ./Core/Src/global.o
                0x00000000200000c8                mode4Increase
                0x00000000200000c9                mode3Seg
                0x00000000200000ca                mode4Toggle
                0x00000000200000cb                MODE
                0x00000000200000cc                mode2Seg
                0x00000000200000cd                mode3Toggle
                0x00000000200000ce                mode4Seg
                0x00000000200000cf                secondCoupleLedAutoState
                0x00000000200000d0                mode2Toggle
                0x00000000200000d1                firstCoupleLedAutoState
                0x00000000200000d2                mode3Increase
                0x00000000200000d4                countdownSecondCoupleLed
                0x00000000200000d8                mode2Increase
                0x00000000200000d9                seg7AutoState
                0x00000000200000dc                countdownFirstCoupleLed
 COMMON         0x00000000200000e0       0x48 ./Core/Src/main.o
                0x00000000200000e0                htim2
 COMMON         0x0000000020000128        0x4 ./Drivers/STM32F1xx_HAL_Driver/Src/stm32f1xx_hal.o
                0x0000000020000128                uwTick
                0x000000002000012c                . = ALIGN (0x4)
                0x000000002000012c                _ebss = .
                0x000000002000012c                __bss_end__ = _ebss

._user_heap_stack
                0x000000002000012c      0x604 load address 0x000000000800312c
                0x0000000020000130                . = ALIGN (0x8)
 *fill*         0x000000002000012c        0x4 
                [!provide]                        PROVIDE (end = .)
                0x0000000020000130                PROVIDE (_end = .)
                0x0000000020000330                . = (. + _Min_Heap_Size)
 *fill*         0x0000000020000130      0x200 
                0x0000000020000730                . = (. + _Min_Stack_Size)
 *fill*         0x0000000020000330      0x400 
                0x0000000020000730                . = ALIGN (0x8)

/DISCARD/
 libc.a(*)
 libm.a(*)
 libgcc.a(*)

.ARM.attributes
                0x0000000000000000       0x29
 *(.ARM.attributes)
 .ARM.attributes
                0x0000000000000000       0x1d d:/st/stm32cubeide_1.7.0/stm32cubeide/plugins/com.st.stm32cube.ide.mcu.externaltools.gnu-tools-for-stm32.9-2020-q2-update.win32_2.0.0.202105311346/tools/bin/../lib/gcc/arm-none-eabi/9.3.1/thumb/v7-m/nofp/crti.o
 .ARM.attributes
                0x000000000000001d       0x2d d:/st/stm32cubeide_1.7.0/stm32cubeide/plugins/com.st.stm32cube.ide.mcu.externaltools.gnu-tools-for-stm32.9-2020-q2-update.win32_2.0.0.202105311346/tools/bin/../lib/gcc/arm-none-eabi/9.3.1/thumb/v7-m/nofp/crtbegin.o
 .ARM.attributes
                0x000000000000004a       0x2d ./Core/Src/auto.o
 .ARM.attributes
                0x0000000000000077       0x2d ./Core/Src/button.o
 .ARM.attributes
                0x00000000000000a4       0x2d ./Core/Src/display_led.o
 .ARM.attributes
                0x00000000000000d1       0x2d ./Core/Src/global.o
 .ARM.attributes
                0x00000000000000fe       0x2d ./Core/Src/main.o
 .ARM.attributes
                0x000000000000012b       0x2d ./Core/Src/manual.o
 .ARM.attributes
                0x0000000000000158       0x2d ./Core/Src/software_timer.o
 .ARM.attributes
                0x0000000000000185       0x2d ./Core/Src/stm32f1xx_hal_msp.o
 .ARM.attributes
                0x00000000000001b2       0x2d ./Core/Src/stm32f1xx_it.o
 .ARM.attributes
                0x00000000000001df       0x2d ./Core/Src/system_stm32f1xx.o
 .ARM.attributes
                0x000000000000020c       0x2d ./Core/Src/timer.o
 .ARM.attributes
                0x0000000000000239       0x21 ./Core/Startup/startup_stm32f103c6ux.o
 .ARM.attributes
                0x000000000000025a       0x2d ./Drivers/STM32F1xx_HAL_Driver/Src/stm32f1xx_hal.o
 .ARM.attributes
                0x0000000000000287       0x2d ./Drivers/STM32F1xx_HAL_Driver/Src/stm32f1xx_hal_cortex.o
 .ARM.attributes
                0x00000000000002b4       0x2d ./Drivers/STM32F1xx_HAL_Driver/Src/stm32f1xx_hal_gpio.o
 .ARM.attributes
                0x00000000000002e1       0x2d ./Drivers/STM32F1xx_HAL_Driver/Src/stm32f1xx_hal_rcc.o
 .ARM.attributes
                0x000000000000030e       0x2d ./Drivers/STM32F1xx_HAL_Driver/Src/stm32f1xx_hal_tim.o
 .ARM.attributes
                0x000000000000033b       0x2d ./Drivers/STM32F1xx_HAL_Driver/Src/stm32f1xx_hal_tim_ex.o
 .ARM.attributes
                0x0000000000000368       0x2d d:/st/stm32cubeide_1.7.0/stm32cubeide/plugins/com.st.stm32cube.ide.mcu.externaltools.gnu-tools-for-stm32.9-2020-q2-update.win32_2.0.0.202105311346/tools/bin/../lib/gcc/arm-none-eabi/9.3.1/../../../../arm-none-eabi/lib/thumb/v7-m/nofp\libc_nano.a(lib_a-init.o)
 .ARM.attributes
                0x0000000000000395       0x2d d:/st/stm32cubeide_1.7.0/stm32cubeide/plugins/com.st.stm32cube.ide.mcu.externaltools.gnu-tools-for-stm32.9-2020-q2-update.win32_2.0.0.202105311346/tools/bin/../lib/gcc/arm-none-eabi/9.3.1/../../../../arm-none-eabi/lib/thumb/v7-m/nofp\libc_nano.a(lib_a-memset.o)
 .ARM.attributes
                0x00000000000003c2       0x1d d:/st/stm32cubeide_1.7.0/stm32cubeide/plugins/com.st.stm32cube.ide.mcu.externaltools.gnu-tools-for-stm32.9-2020-q2-update.win32_2.0.0.202105311346/tools/bin/../lib/gcc/arm-none-eabi/9.3.1/thumb/v7-m/nofp/crtn.o
OUTPUT(Lab3_STM32.elf elf32-littlearm)
LOAD linker stubs
LOAD d:/st/stm32cubeide_1.7.0/stm32cubeide/plugins/com.st.stm32cube.ide.mcu.externaltools.gnu-tools-for-stm32.9-2020-q2-update.win32_2.0.0.202105311346/tools/bin/../lib/gcc/arm-none-eabi/9.3.1/../../../../arm-none-eabi/lib/thumb/v7-m/nofp\libc.a
LOAD d:/st/stm32cubeide_1.7.0/stm32cubeide/plugins/com.st.stm32cube.ide.mcu.externaltools.gnu-tools-for-stm32.9-2020-q2-update.win32_2.0.0.202105311346/tools/bin/../lib/gcc/arm-none-eabi/9.3.1/../../../../arm-none-eabi/lib/thumb/v7-m/nofp\libm.a
LOAD d:/st/stm32cubeide_1.7.0/stm32cubeide/plugins/com.st.stm32cube.ide.mcu.externaltools.gnu-tools-for-stm32.9-2020-q2-update.win32_2.0.0.202105311346/tools/bin/../lib/gcc/arm-none-eabi/9.3.1/thumb/v7-m/nofp\libgcc.a

.debug_info     0x0000000000000000     0xa694
 .debug_info    0x0000000000000000      0x3c5 ./Core/Src/auto.o
 .debug_info    0x00000000000003c5      0x331 ./Core/Src/button.o
 .debug_info    0x00000000000006f6      0x5d6 ./Core/Src/display_led.o
 .debug_info    0x0000000000000ccc      0x4c1 ./Core/Src/global.o
 .debug_info    0x000000000000118d      0xd9b ./Core/Src/main.o
 .debug_info    0x0000000000001f28      0x3fb ./Core/Src/manual.o
 .debug_info    0x0000000000002323      0x2d9 ./Core/Src/software_timer.o
 .debug_info    0x00000000000025fc      0xa09 ./Core/Src/stm32f1xx_hal_msp.o
 .debug_info    0x0000000000003005      0x7b9 ./Core/Src/stm32f1xx_it.o
 .debug_info    0x00000000000037be      0x2be ./Core/Src/system_stm32f1xx.o
 .debug_info    0x0000000000003a7c      0x7c7 ./Core/Src/timer.o
 .debug_info    0x0000000000004243       0x22 ./Core/Startup/startup_stm32f103c6ux.o
 .debug_info    0x0000000000004265      0x74c ./Drivers/STM32F1xx_HAL_Driver/Src/stm32f1xx_hal.o
 .debug_info    0x00000000000049b1      0xbbe ./Drivers/STM32F1xx_HAL_Driver/Src/stm32f1xx_hal_cortex.o
 .debug_info    0x000000000000556f      0x701 ./Drivers/STM32F1xx_HAL_Driver/Src/stm32f1xx_hal_gpio.o
 .debug_info    0x0000000000005c70      0x893 ./Drivers/STM32F1xx_HAL_Driver/Src/stm32f1xx_hal_rcc.o
 .debug_info    0x0000000000006503     0x2c12 ./Drivers/STM32F1xx_HAL_Driver/Src/stm32f1xx_hal_tim.o
 .debug_info    0x0000000000009115     0x157f ./Drivers/STM32F1xx_HAL_Driver/Src/stm32f1xx_hal_tim_ex.o

.debug_abbrev   0x0000000000000000     0x1ce4
 .debug_abbrev  0x0000000000000000       0xe7 ./Core/Src/auto.o
 .debug_abbrev  0x00000000000000e7      0x177 ./Core/Src/button.o
 .debug_abbrev  0x000000000000025e      0x1ac ./Core/Src/display_led.o
 .debug_abbrev  0x000000000000040a       0xf8 ./Core/Src/global.o
 .debug_abbrev  0x0000000000000502      0x239 ./Core/Src/main.o
 .debug_abbrev  0x000000000000073b       0xe7 ./Core/Src/manual.o
 .debug_abbrev  0x0000000000000822       0x94 ./Core/Src/software_timer.o
 .debug_abbrev  0x00000000000008b6      0x1b7 ./Core/Src/stm32f1xx_hal_msp.o
 .debug_abbrev  0x0000000000000a6d      0x176 ./Core/Src/stm32f1xx_it.o
 .debug_abbrev  0x0000000000000be3      0x14e ./Core/Src/system_stm32f1xx.o
 .debug_abbrev  0x0000000000000d31      0x182 ./Core/Src/timer.o
 .debug_abbrev  0x0000000000000eb3       0x12 ./Core/Startup/startup_stm32f103c6ux.o
 .debug_abbrev  0x0000000000000ec5      0x1ed ./Drivers/STM32F1xx_HAL_Driver/Src/stm32f1xx_hal.o
 .debug_abbrev  0x00000000000010b2      0x313 ./Drivers/STM32F1xx_HAL_Driver/Src/stm32f1xx_hal_cortex.o
 .debug_abbrev  0x00000000000013c5      0x1e8 ./Drivers/STM32F1xx_HAL_Driver/Src/stm32f1xx_hal_gpio.o
 .debug_abbrev  0x00000000000015ad      0x273 ./Drivers/STM32F1xx_HAL_Driver/Src/stm32f1xx_hal_rcc.o
 .debug_abbrev  0x0000000000001820      0x25e ./Drivers/STM32F1xx_HAL_Driver/Src/stm32f1xx_hal_tim.o
 .debug_abbrev  0x0000000000001a7e      0x266 ./Drivers/STM32F1xx_HAL_Driver/Src/stm32f1xx_hal_tim_ex.o

.debug_aranges  0x0000000000000000      0xac8
 .debug_aranges
                0x0000000000000000       0x20 ./Core/Src/auto.o
 .debug_aranges
                0x0000000000000020       0x30 ./Core/Src/button.o
 .debug_aranges
                0x0000000000000050       0x70 ./Core/Src/display_led.o
 .debug_aranges
                0x00000000000000c0       0x20 ./Core/Src/global.o
 .debug_aranges
                0x00000000000000e0       0x40 ./Core/Src/main.o
 .debug_aranges
                0x0000000000000120       0x38 ./Core/Src/manual.o
 .debug_aranges
                0x0000000000000158       0x68 ./Core/Src/software_timer.o
 .debug_aranges
                0x00000000000001c0       0x30 ./Core/Src/stm32f1xx_hal_msp.o
 .debug_aranges
                0x00000000000001f0       0x68 ./Core/Src/stm32f1xx_it.o
 .debug_aranges
                0x0000000000000258       0x28 ./Core/Src/system_stm32f1xx.o
 .debug_aranges
                0x0000000000000280       0x20 ./Core/Src/timer.o
 .debug_aranges
                0x00000000000002a0       0x28 ./Core/Startup/startup_stm32f103c6ux.o
 .debug_aranges
                0x00000000000002c8       0xe0 ./Drivers/STM32F1xx_HAL_Driver/Src/stm32f1xx_hal.o
 .debug_aranges
                0x00000000000003a8      0x100 ./Drivers/STM32F1xx_HAL_Driver/Src/stm32f1xx_hal_cortex.o
 .debug_aranges
                0x00000000000004a8       0x58 ./Drivers/STM32F1xx_HAL_Driver/Src/stm32f1xx_hal_gpio.o
 .debug_aranges
                0x0000000000000500       0x90 ./Drivers/STM32F1xx_HAL_Driver/Src/stm32f1xx_hal_rcc.o
 .debug_aranges
                0x0000000000000590      0x3d0 ./Drivers/STM32F1xx_HAL_Driver/Src/stm32f1xx_hal_tim.o
 .debug_aranges
                0x0000000000000960      0x168 ./Drivers/STM32F1xx_HAL_Driver/Src/stm32f1xx_hal_tim_ex.o

.debug_ranges   0x0000000000000000      0x9b0
 .debug_ranges  0x0000000000000000       0x10 ./Core/Src/auto.o
 .debug_ranges  0x0000000000000010       0x20 ./Core/Src/button.o
 .debug_ranges  0x0000000000000030       0x60 ./Core/Src/display_led.o
 .debug_ranges  0x0000000000000090       0x10 ./Core/Src/global.o
 .debug_ranges  0x00000000000000a0       0x30 ./Core/Src/main.o
 .debug_ranges  0x00000000000000d0       0x28 ./Core/Src/manual.o
 .debug_ranges  0x00000000000000f8       0x58 ./Core/Src/software_timer.o
 .debug_ranges  0x0000000000000150       0x20 ./Core/Src/stm32f1xx_hal_msp.o
 .debug_ranges  0x0000000000000170       0x58 ./Core/Src/stm32f1xx_it.o
 .debug_ranges  0x00000000000001c8       0x18 ./Core/Src/system_stm32f1xx.o
 .debug_ranges  0x00000000000001e0       0x10 ./Core/Src/timer.o
 .debug_ranges  0x00000000000001f0       0x20 ./Core/Startup/startup_stm32f103c6ux.o
 .debug_ranges  0x0000000000000210       0xd0 ./Drivers/STM32F1xx_HAL_Driver/Src/stm32f1xx_hal.o
 .debug_ranges  0x00000000000002e0       0xf0 ./Drivers/STM32F1xx_HAL_Driver/Src/stm32f1xx_hal_cortex.o
 .debug_ranges  0x00000000000003d0       0x48 ./Drivers/STM32F1xx_HAL_Driver/Src/stm32f1xx_hal_gpio.o
 .debug_ranges  0x0000000000000418       0x80 ./Drivers/STM32F1xx_HAL_Driver/Src/stm32f1xx_hal_rcc.o
 .debug_ranges  0x0000000000000498      0x3c0 ./Drivers/STM32F1xx_HAL_Driver/Src/stm32f1xx_hal_tim.o
 .debug_ranges  0x0000000000000858      0x158 ./Drivers/STM32F1xx_HAL_Driver/Src/stm32f1xx_hal_tim_ex.o

.debug_macro    0x0000000000000000    0x16e9f
 .debug_macro   0x0000000000000000      0x1dd ./Core/Src/auto.o
 .debug_macro   0x00000000000001dd      0xa9c ./Core/Src/auto.o
 .debug_macro   0x0000000000000c79      0x215 ./Core/Src/auto.o
 .debug_macro   0x0000000000000e8e       0x2e ./Core/Src/auto.o
 .debug_macro   0x0000000000000ebc       0x22 ./Core/Src/auto.o
 .debug_macro   0x0000000000000ede       0x22 ./Core/Src/auto.o
 .debug_macro   0x0000000000000f00       0x8e ./Core/Src/auto.o
 .debug_macro   0x0000000000000f8e       0x51 ./Core/Src/auto.o
 .debug_macro   0x0000000000000fdf      0x103 ./Core/Src/auto.o
 .debug_macro   0x00000000000010e2       0x6a ./Core/Src/auto.o
 .debug_macro   0x000000000000114c      0x1df ./Core/Src/auto.o
 .debug_macro   0x000000000000132b       0x1c ./Core/Src/auto.o
 .debug_macro   0x0000000000001347       0x22 ./Core/Src/auto.o
 .debug_macro   0x0000000000001369       0xc3 ./Core/Src/auto.o
 .debug_macro   0x000000000000142c      0xd23 ./Core/Src/auto.o
 .debug_macro   0x000000000000214f     0xde75 ./Core/Src/auto.o
 .debug_macro   0x000000000000ffc4       0x6d ./Core/Src/auto.o
 .debug_macro   0x0000000000010031     0x348d ./Core/Src/auto.o
 .debug_macro   0x00000000000134be      0x174 ./Core/Src/auto.o
 .debug_macro   0x0000000000013632       0x5c ./Core/Src/auto.o
 .debug_macro   0x000000000001368e      0x5bc ./Core/Src/auto.o
 .debug_macro   0x0000000000013c4a      0x1b7 ./Core/Src/auto.o
 .debug_macro   0x0000000000013e01      0x1cb ./Core/Src/auto.o
 .debug_macro   0x0000000000013fcc      0x114 ./Core/Src/auto.o
 .debug_macro   0x00000000000140e0      0x1b2 ./Core/Src/auto.o
 .debug_macro   0x0000000000014292       0x27 ./Core/Src/auto.o
 .debug_macro   0x00000000000142b9      0x12f ./Core/Src/auto.o
 .debug_macro   0x00000000000143e8      0x1bc ./Core/Src/auto.o
 .debug_macro   0x00000000000145a4       0x34 ./Core/Src/auto.o
 .debug_macro   0x00000000000145d8       0x3c ./Core/Src/auto.o
 .debug_macro   0x0000000000014614       0x57 ./Core/Src/auto.o
 .debug_macro   0x000000000001466b       0x87 ./Core/Src/auto.o
 .debug_macro   0x00000000000146f2      0x183 ./Core/Src/auto.o
 .debug_macro   0x0000000000014875      0x140 ./Core/Src/auto.o
 .debug_macro   0x00000000000149b5      0x8ed ./Core/Src/auto.o
 .debug_macro   0x00000000000152a2       0x69 ./Core/Src/auto.o
 .debug_macro   0x000000000001530b      0x148 ./Core/Src/auto.o
 .debug_macro   0x0000000000015453       0x16 ./Core/Src/auto.o
 .debug_macro   0x0000000000015469      0x1b5 ./Core/Src/button.o
 .debug_macro   0x000000000001561e      0x1cd ./Core/Src/display_led.o
 .debug_macro   0x00000000000157eb       0x1c ./Core/Src/display_led.o
 .debug_macro   0x0000000000015807      0x1c9 ./Core/Src/global.o
 .debug_macro   0x00000000000159d0      0x1fb ./Core/Src/main.o
 .debug_macro   0x0000000000015bcb      0x1dd ./Core/Src/manual.o
 .debug_macro   0x0000000000015da8       0x1b ./Core/Src/software_timer.o
 .debug_macro   0x0000000000015dc3      0x1a6 ./Core/Src/stm32f1xx_hal_msp.o
 .debug_macro   0x0000000000015f69      0x1b0 ./Core/Src/stm32f1xx_it.o
 .debug_macro   0x0000000000016119      0x197 ./Core/Src/system_stm32f1xx.o
 .debug_macro   0x00000000000162b0      0x1c3 ./Core/Src/timer.o
 .debug_macro   0x0000000000016473      0x1bb ./Drivers/STM32F1xx_HAL_Driver/Src/stm32f1xx_hal.o
 .debug_macro   0x000000000001662e      0x197 ./Drivers/STM32F1xx_HAL_Driver/Src/stm32f1xx_hal_cortex.o
 .debug_macro   0x00000000000167c5      0x202 ./Drivers/STM32F1xx_HAL_Driver/Src/stm32f1xx_hal_gpio.o
 .debug_macro   0x00000000000169c7      0x1a9 ./Drivers/STM32F1xx_HAL_Driver/Src/stm32f1xx_hal_rcc.o
 .debug_macro   0x0000000000016b70      0x198 ./Drivers/STM32F1xx_HAL_Driver/Src/stm32f1xx_hal_tim.o
 .debug_macro   0x0000000000016d08      0x197 ./Drivers/STM32F1xx_HAL_Driver/Src/stm32f1xx_hal_tim_ex.o

.debug_line     0x0000000000000000     0xc27e
 .debug_line    0x0000000000000000      0x7a7 ./Core/Src/auto.o
 .debug_line    0x00000000000007a7      0x70b ./Core/Src/button.o
 .debug_line    0x0000000000000eb2      0x883 ./Core/Src/display_led.o
 .debug_line    0x0000000000001735      0x6ae ./Core/Src/global.o
 .debug_line    0x0000000000001de3      0x7be ./Core/Src/main.o
 .debug_line    0x00000000000025a1      0x8e2 ./Core/Src/manual.o
 .debug_line    0x0000000000002e83      0x201 ./Core/Src/software_timer.o
 .debug_line    0x0000000000003084      0x6a1 ./Core/Src/stm32f1xx_hal_msp.o
 .debug_line    0x0000000000003725      0x73f ./Core/Src/stm32f1xx_it.o
 .debug_line    0x0000000000003e64      0x6e3 ./Core/Src/system_stm32f1xx.o
 .debug_line    0x0000000000004547      0x67e ./Core/Src/timer.o
 .debug_line    0x0000000000004bc5       0x86 ./Core/Startup/startup_stm32f103c6ux.o
 .debug_line    0x0000000000004c4b      0x910 ./Drivers/STM32F1xx_HAL_Driver/Src/stm32f1xx_hal.o
 .debug_line    0x000000000000555b      0xaf8 ./Drivers/STM32F1xx_HAL_Driver/Src/stm32f1xx_hal_cortex.o
 .debug_line    0x0000000000006053      0x993 ./Drivers/STM32F1xx_HAL_Driver/Src/stm32f1xx_hal_gpio.o
 .debug_line    0x00000000000069e6      0xd1c ./Drivers/STM32F1xx_HAL_Driver/Src/stm32f1xx_hal_rcc.o
 .debug_line    0x0000000000007702     0x3346 ./Drivers/STM32F1xx_HAL_Driver/Src/stm32f1xx_hal_tim.o
 .debug_line    0x000000000000aa48     0x1836 ./Drivers/STM32F1xx_HAL_Driver/Src/stm32f1xx_hal_tim_ex.o

.debug_str      0x0000000000000000    0x826f9
 .debug_str     0x0000000000000000    0x7faac ./Core/Src/auto.o
                                      0x7fddf (size before relaxing)
 .debug_str     0x000000000007faac       0xab ./Core/Src/button.o
                                      0x7fc20 (size before relaxing)
 .debug_str     0x000000000007fb57       0xd4 ./Core/Src/display_led.o
                                      0x7fec1 (size before relaxing)
 .debug_str     0x000000000007fc2b       0x1f ./Core/Src/global.o
                                      0x7fdc1 (size before relaxing)
 .debug_str     0x000000000007fc4a      0x6e7 ./Core/Src/main.o
                                      0x80585 (size before relaxing)
 .debug_str     0x0000000000080331       0x3e ./Core/Src/manual.o
                                      0x7fe03 (size before relaxing)
 .debug_str     0x000000000008036f      0x111 ./Core/Src/software_timer.o
                                       0x2edf (size before relaxing)
 .debug_str     0x0000000000080480      0x2ba ./Core/Src/stm32f1xx_hal_msp.o
                                      0x80346 (size before relaxing)
 .debug_str     0x000000000008073a       0xcd ./Core/Src/stm32f1xx_it.o
                                      0x800a8 (size before relaxing)
 .debug_str     0x0000000000080807       0x52 ./Core/Src/system_stm32f1xx.o
                                      0x7f6cf (size before relaxing)
 .debug_str     0x0000000000080859       0x37 ./Core/Src/timer.o
                                      0x800d4 (size before relaxing)
 .debug_str     0x0000000000080890       0x36 ./Core/Startup/startup_stm32f103c6ux.o
                                         0x5e (size before relaxing)
 .debug_str     0x00000000000808c6      0x304 ./Drivers/STM32F1xx_HAL_Driver/Src/stm32f1xx_hal.o
                                      0x7fd26 (size before relaxing)
 .debug_str     0x0000000000080bca      0x300 ./Drivers/STM32F1xx_HAL_Driver/Src/stm32f1xx_hal_cortex.o
                                      0x7fd2e (size before relaxing)
 .debug_str     0x0000000000080eca      0x324 ./Drivers/STM32F1xx_HAL_Driver/Src/stm32f1xx_hal_gpio.o
                                      0x7fa93 (size before relaxing)
 .debug_str     0x00000000000811ee      0x24f ./Drivers/STM32F1xx_HAL_Driver/Src/stm32f1xx_hal_rcc.o
                                      0x7facc (size before relaxing)
 .debug_str     0x000000000008143d      0xdce ./Drivers/STM32F1xx_HAL_Driver/Src/stm32f1xx_hal_tim.o
                                      0x80aa5 (size before relaxing)
 .debug_str     0x000000000008220b      0x4ee ./Drivers/STM32F1xx_HAL_Driver/Src/stm32f1xx_hal_tim_ex.o
                                      0x80256 (size before relaxing)

.comment        0x0000000000000000       0x53
 .comment       0x0000000000000000       0x53 ./Core/Src/auto.o
                                         0x54 (size before relaxing)
 .comment       0x0000000000000053       0x54 ./Core/Src/button.o
 .comment       0x0000000000000053       0x54 ./Core/Src/display_led.o
 .comment       0x0000000000000053       0x54 ./Core/Src/global.o
 .comment       0x0000000000000053       0x54 ./Core/Src/main.o
 .comment       0x0000000000000053       0x54 ./Core/Src/manual.o
 .comment       0x0000000000000053       0x54 ./Core/Src/software_timer.o
 .comment       0x0000000000000053       0x54 ./Core/Src/stm32f1xx_hal_msp.o
 .comment       0x0000000000000053       0x54 ./Core/Src/stm32f1xx_it.o
 .comment       0x0000000000000053       0x54 ./Core/Src/system_stm32f1xx.o
 .comment       0x0000000000000053       0x54 ./Core/Src/timer.o
 .comment       0x0000000000000053       0x54 ./Drivers/STM32F1xx_HAL_Driver/Src/stm32f1xx_hal.o
 .comment       0x0000000000000053       0x54 ./Drivers/STM32F1xx_HAL_Driver/Src/stm32f1xx_hal_cortex.o
 .comment       0x0000000000000053       0x54 ./Drivers/STM32F1xx_HAL_Driver/Src/stm32f1xx_hal_gpio.o
 .comment       0x0000000000000053       0x54 ./Drivers/STM32F1xx_HAL_Driver/Src/stm32f1xx_hal_rcc.o
 .comment       0x0000000000000053       0x54 ./Drivers/STM32F1xx_HAL_Driver/Src/stm32f1xx_hal_tim.o
 .comment       0x0000000000000053       0x54 ./Drivers/STM32F1xx_HAL_Driver/Src/stm32f1xx_hal_tim_ex.o

.debug_frame    0x0000000000000000     0x2a54
 .debug_frame   0x0000000000000000       0x2c ./Core/Src/auto.o
 .debug_frame   0x000000000000002c       0x84 ./Core/Src/button.o
 .debug_frame   0x00000000000000b0      0x184 ./Core/Src/display_led.o
 .debug_frame   0x0000000000000234       0x30 ./Core/Src/global.o
 .debug_frame   0x0000000000000264       0xb0 ./Core/Src/main.o
 .debug_frame   0x0000000000000314       0x80 ./Core/Src/manual.o
 .debug_frame   0x0000000000000394      0x198 ./Core/Src/software_timer.o
 .debug_frame   0x000000000000052c       0x80 ./Core/Src/stm32f1xx_hal_msp.o
 .debug_frame   0x00000000000005ac      0x120 ./Core/Src/stm32f1xx_it.o
 .debug_frame   0x00000000000006cc       0x58 ./Core/Src/system_stm32f1xx.o
 .debug_frame   0x0000000000000724       0x34 ./Core/Src/timer.o
 .debug_frame   0x0000000000000758      0x334 ./Drivers/STM32F1xx_HAL_Driver/Src/stm32f1xx_hal.o
 .debug_frame   0x0000000000000a8c      0x428 ./Drivers/STM32F1xx_HAL_Driver/Src/stm32f1xx_hal_cortex.o
 .debug_frame   0x0000000000000eb4      0x14c ./Drivers/STM32F1xx_HAL_Driver/Src/stm32f1xx_hal_gpio.o
 .debug_frame   0x0000000000001000      0x218 ./Drivers/STM32F1xx_HAL_Driver/Src/stm32f1xx_hal_rcc.o
 .debug_frame   0x0000000000001218     0x11b8 ./Drivers/STM32F1xx_HAL_Driver/Src/stm32f1xx_hal_tim.o
 .debug_frame   0x00000000000023d0      0x638 ./Drivers/STM32F1xx_HAL_Driver/Src/stm32f1xx_hal_tim_ex.o
 .debug_frame   0x0000000000002a08       0x2c d:/st/stm32cubeide_1.7.0/stm32cubeide/plugins/com.st.stm32cube.ide.mcu.externaltools.gnu-tools-for-stm32.9-2020-q2-update.win32_2.0.0.202105311346/tools/bin/../lib/gcc/arm-none-eabi/9.3.1/../../../../arm-none-eabi/lib/thumb/v7-m/nofp\libc_nano.a(lib_a-init.o)
 .debug_frame   0x0000000000002a34       0x20 d:/st/stm32cubeide_1.7.0/stm32cubeide/plugins/com.st.stm32cube.ide.mcu.externaltools.gnu-tools-for-stm32.9-2020-q2-update.win32_2.0.0.202105311346/tools/bin/../lib/gcc/arm-none-eabi/9.3.1/../../../../arm-none-eabi/lib/thumb/v7-m/nofp\libc_nano.a(lib_a-memset.o)
